// Vitest Snapshot v1, https://vitest.dev/guide/snapshot.html

exports[`Items > renders the Items component via snapshot 1`] = `[Function]`;
