// Vitest Snapshot v1, https://vitest.dev/guide/snapshot.html

exports[`Header > renders the Header component via snapshot 1`] = `[Function]`;
