// Vitest Snapshot v1, https://vitest.dev/guide/snapshot.html

exports[`App > renders the App component via snapshot 1`] = `[Function]`;
