// Vitest Snapshot v1, https://vitest.dev/guide/snapshot.html

exports[`Item > renders the Item component via snapshot 1`] = `[Function]`;
